{"level":"info","message":"MongoDB Connected","timestamp":"2026-03-03T11:26:54.470Z"}
{"level":"info","message":"Server running on port 4000","timestamp":"2026-03-03T11:26:54.485Z"}
{"level":"info","message":"MongoDB Connected","timestamp":"2026-03-03T11:56:41.940Z"}
{"level":"info","message":"Server running on port 4000","timestamp":"2026-03-03T11:56:41.951Z"}
{"level":"info","message":"MongoDB Connected","timestamp":"2026-03-04T13:55:42.407Z"}
{"level":"info","message":"Server running on port 4000","timestamp":"2026-03-04T13:55:42.430Z"}
{"level":"info","message":"MongoDB Connected","timestamp":"2026-03-05T13:58:05.951Z"}
{"level":"info","message":"Server running on port 4000","timestamp":"2026-03-05T13:58:05.962Z"}
{"level":"info","message":"MongoDB Connected","timestamp":"2026-03-05T14:21:56.579Z"}
{"level":"info","message":"Server running on port 4000","timestamp":"2026-03-05T14:21:56.592Z"}
{"level":"info","message":"MongoDB Connected","timestamp":"2026-03-06T05:03:29.092Z"}
{"level":"info","message":"Server running on port 4000","timestamp":"2026-03-06T05:03:29.102Z"}
{"level":"info","message":"MongoDB Connected","timestamp":"2026-03-06T05:14:08.934Z"}
{"level":"info","message":"Server running on port 4000","timestamp":"2026-03-06T05:14:08.947Z"}
{"level":"info","message":"MongoDB Connected","timestamp":"2026-03-06T05:22:17.837Z"}
{"level":"info","message":"Server running on port 4000","timestamp":"2026-03-06T05:22:17.845Z"}
{"level":"info","message":"MongoDB Connected","timestamp":"2026-03-06T06:02:50.553Z"}
{"level":"info","message":"Server running on port 4000","timestamp":"2026-03-06T06:02:50.565Z"}
{"level":"info","message":"MongoDB Connected","timestamp":"2026-03-06T06:09:48.763Z"}
{"level":"info","message":"Server running on port 4000","timestamp":"2026-03-06T06:09:48.770Z"}
{"level":"info","message":"MongoDB Connected","timestamp":"2026-03-06T06:11:04.982Z"}
{"level":"info","message":"Server running on port 4000","timestamp":"2026-03-06T06:11:04.991Z"}
{"level":"info","message":"MongoDB Connected","timestamp":"2026-03-06T06:20:32.082Z"}
{"level":"info","message":"Server running on port 4000","timestamp":"2026-03-06T06:20:32.091Z"}
{"level":"info","message":"MongoDB Connected","timestamp":"2026-03-06T06:20:52.124Z"}
{"level":"info","message":"Server running on port 4000","timestamp":"2026-03-06T06:20:52.133Z"}
{"level":"info","message":"MongoDB Connected","timestamp":"2026-03-06T06:23:16.531Z"}
{"level":"info","message":"Server running on port 4000","timestamp":"2026-03-06T06:23:16.539Z"}
{"level":"info","message":"MongoDB Connected","timestamp":"2026-03-06T06:39:56.613Z"}
{"level":"info","message":"Server running on port 4000","timestamp":"2026-03-06T06:39:56.621Z"}
{"level":"info","message":"MongoDB Connected","timestamp":"2026-03-10T08:52:36.404Z"}
{"level":"info","message":"Server running on port 4000","timestamp":"2026-03-10T08:52:36.415Z"}
{"level":"info","message":"MongoDB Connected","timestamp":"2026-03-10T09:21:07.744Z"}
{"level":"info","message":"Server running on port 4000","timestamp":"2026-03-10T09:21:07.752Z"}
{"level":"info","message":"MongoDB Connected","timestamp":"2026-03-10T09:31:43.602Z"}
{"level":"info","message":"Server running on port 4000","timestamp":"2026-03-10T09:31:43.610Z"}
{"level":"info","message":"MongoDB Connected","timestamp":"2026-03-10T09:33:58.667Z"}
{"level":"info","message":"Server running on port 4000","timestamp":"2026-03-10T09:33:58.675Z"}
{"level":"info","message":"MongoDB Connected","timestamp":"2026-03-10T10:01:08.966Z"}
{"level":"info","message":"MongoDB Connected","timestamp":"2026-03-10T10:01:08.973Z"}
{"email":"admin@fraudshield.local","level":"info","message":"Default admin account ensured","timestamp":"2026-03-10T10:01:09.087Z"}
{"level":"info","message":"Server running on port 4000","timestamp":"2026-03-10T10:01:09.093Z"}
{"level":"info","message":"MongoDB Connected","timestamp":"2026-03-10T10:04:08.929Z"}
{"level":"info","message":"MongoDB Connected","timestamp":"2026-03-10T10:04:08.930Z"}
{"level":"info","message":"Server running on port 4000","timestamp":"2026-03-10T10:04:08.953Z"}
{"level":"info","message":"Server running on port 4000","timestamp":"2026-03-10T10:04:08.955Z"}
{"level":"info","message":"MongoDB Connected","timestamp":"2026-03-10T10:04:31.683Z"}
{"level":"info","message":"Server running on port 4000","timestamp":"2026-03-10T10:04:31.705Z"}
{"level":"info","message":"MongoDB Connected","timestamp":"2026-03-10T10:05:28.649Z"}
{"level":"info","message":"MongoDB Connected","timestamp":"2026-03-10T10:05:28.650Z"}
{"level":"info","message":"MongoDB Connected","timestamp":"2026-03-10T10:05:28.662Z"}
{"email":"admin@fraudshield.com","level":"info","message":"Default admin account ensured","timestamp":"2026-03-10T10:05:28.783Z"}
{"level":"info","message":"Server running on port 4000","timestamp":"2026-03-10T10:05:28.792Z"}
{"level":"info","message":"MongoDB Connected","timestamp":"2026-03-10T10:05:50.819Z"}
{"level":"info","message":"Server running on port 4000","timestamp":"2026-03-10T10:05:50.844Z"}
{"level":"info","message":"MongoDB Connected","timestamp":"2026-03-10T10:05:52.173Z"}
{"level":"info","message":"Server running on port 4000","timestamp":"2026-03-10T10:05:52.201Z"}
{"level":"info","message":"MongoDB Connected","timestamp":"2026-03-10T10:05:52.210Z"}
{"level":"info","message":"Server running on port 4000","timestamp":"2026-03-10T10:05:52.243Z"}
{"level":"info","message":"MongoDB Connected","timestamp":"2026-03-10T10:05:52.365Z"}
{"level":"info","message":"Server running on port 4000","timestamp":"2026-03-10T10:05:52.396Z"}
{"level":"info","message":"MongoDB Connected","timestamp":"2026-03-10T10:05:52.396Z"}
{"level":"info","message":"Server running on port 4000","timestamp":"2026-03-10T10:05:52.423Z"}
{"level":"info","message":"MongoDB Connected","timestamp":"2026-03-10T10:08:02.926Z"}
{"level":"info","message":"Server running on port 4000","timestamp":"2026-03-10T10:08:02.953Z"}
{"level":"info","message":"MongoDB Connected","timestamp":"2026-03-10T10:11:50.582Z"}
{"level":"info","message":"MongoDB Connected","timestamp":"2026-03-10T10:11:50.583Z"}
{"level":"info","message":"MongoDB Connected","timestamp":"2026-03-10T10:11:50.597Z"}
{"level":"info","message":"Server running on port 4000","timestamp":"2026-03-10T10:11:50.616Z"}
{"level":"info","message":"MongoDB Connected","timestamp":"2026-03-10T10:11:50.616Z"}
{"level":"info","message":"Server running on port 4000","timestamp":"2026-03-10T10:11:50.621Z"}
{"level":"info","message":"Server running on port 4000","timestamp":"2026-03-10T10:11:50.643Z"}
{"level":"info","message":"Server running on port 4000","timestamp":"2026-03-10T10:11:50.649Z"}
{"level":"info","message":"MongoDB Connected","timestamp":"2026-03-10T10:11:54.992Z"}
{"level":"info","message":"MongoDB Connected","timestamp":"2026-03-10T10:11:54.999Z"}
{"level":"info","message":"MongoDB Connected","timestamp":"2026-03-10T10:11:55.010Z"}
{"level":"info","message":"Server running on port 4000","timestamp":"2026-03-10T10:11:55.037Z"}
{"level":"info","message":"Server running on port 4000","timestamp":"2026-03-10T10:11:55.040Z"}
{"level":"info","message":"Server running on port 4000","timestamp":"2026-03-10T10:11:55.052Z"}
{"level":"info","message":"MongoDB Connected","timestamp":"2026-03-10T10:11:55.054Z"}
{"level":"info","message":"Server running on port 4000","timestamp":"2026-03-10T10:11:55.098Z"}
{"level":"info","message":"MongoDB Connected","timestamp":"2026-03-10T10:16:20.159Z"}
{"level":"info","message":"MongoDB Connected","timestamp":"2026-03-10T10:16:20.159Z"}
{"level":"info","message":"MongoDB Connected","timestamp":"2026-03-10T10:16:20.165Z"}
{"level":"info","message":"MongoDB Connected","timestamp":"2026-03-10T10:16:20.184Z"}
{"level":"info","message":"Server running on port 4000","timestamp":"2026-03-10T10:16:20.201Z"}
{"level":"info","message":"Server running on port 4000","timestamp":"2026-03-10T10:16:20.204Z"}
{"level":"info","message":"Server running on port 4000","timestamp":"2026-03-10T10:16:20.207Z"}
{"level":"info","message":"Server running on port 4000","timestamp":"2026-03-10T10:16:20.216Z"}
{"level":"info","message":"MongoDB Connected","timestamp":"2026-03-10T10:16:39.701Z"}
{"level":"info","message":"MongoDB Connected","timestamp":"2026-03-10T10:16:39.704Z"}
{"level":"info","message":"MongoDB Connected","timestamp":"2026-03-10T10:16:39.712Z"}
{"level":"info","message":"Server running on port 4000","timestamp":"2026-03-10T10:16:39.735Z"}
{"level":"info","message":"Server running on port 4000","timestamp":"2026-03-10T10:16:39.736Z"}
{"level":"info","message":"Server running on port 4000","timestamp":"2026-03-10T10:16:39.745Z"}
{"level":"info","message":"MongoDB Connected","timestamp":"2026-03-10T10:16:39.745Z"}
{"level":"info","message":"Server running on port 4000","timestamp":"2026-03-10T10:16:39.769Z"}
{"level":"info","message":"MongoDB Connected","timestamp":"2026-03-10T10:17:03.268Z"}
{"level":"info","message":"Server running on port 4000","timestamp":"2026-03-10T10:17:03.290Z"}
{"level":"info","message":"MongoDB Connected","timestamp":"2026-03-10T10:24:05.623Z"}
{"level":"info","message":"MongoDB Connected","timestamp":"2026-03-10T10:24:05.637Z"}
{"level":"info","message":"MongoDB Connected","timestamp":"2026-03-10T10:24:05.651Z"}
{"level":"info","message":"Server running on port 4000","timestamp":"2026-03-10T10:24:05.711Z"}
{"level":"info","message":"MongoDB Connected","timestamp":"2026-03-10T10:24:05.711Z"}
{"level":"info","message":"Server running on port 4000","timestamp":"2026-03-10T10:24:05.721Z"}
{"level":"info","message":"Server running on port 4000","timestamp":"2026-03-10T10:24:05.735Z"}
{"level":"info","message":"MongoDB Connected","timestamp":"2026-03-10T10:24:05.771Z"}
{"level":"info","message":"Server running on port 4000","timestamp":"2026-03-10T10:24:05.773Z"}
{"level":"info","message":"Server running on port 4000","timestamp":"2026-03-10T10:24:05.808Z"}
{"level":"info","message":"MongoDB Connected","timestamp":"2026-03-10T13:49:51.878Z"}
{"level":"info","message":"Server running on port 4000","timestamp":"2026-03-10T13:49:51.903Z"}
{"level":"info","message":"MongoDB Connected","timestamp":"2026-03-15T10:16:55.183Z"}
{"level":"info","message":"Server running on port 4000","timestamp":"2026-03-15T10:16:55.223Z"}
{"level":"info","message":"MongoDB Connected","timestamp":"2026-03-15T10:29:55.599Z"}
{"email":"admin@srt.com","level":"info","message":"Default admin account ensured","timestamp":"2026-03-15T10:29:55.714Z"}
{"level":"info","message":"Server running on port 4000","timestamp":"2026-03-15T10:29:55.720Z"}
{"level":"info","message":"User deleted","timestamp":"2026-03-15T10:31:03.984Z","userId":"69afded5db0787ed306a8382"}
{"level":"info","message":"User deleted","timestamp":"2026-03-15T10:31:15.116Z","userId":"69aa784557cc7c5576cf02ce"}
{"level":"info","message":"User deleted","timestamp":"2026-03-15T10:31:20.725Z","userId":"69afe310db0787ed306a8386"}
{"level":"info","message":"User deleted","timestamp":"2026-03-15T10:31:24.963Z","userId":"69aa670d7281961fcb598047"}
{"level":"info","message":"User deleted","timestamp":"2026-03-15T10:31:29.932Z","userId":"69aa742ca0d8086dcb51843b"}
{"level":"info","message":"User deleted","timestamp":"2026-03-15T10:31:34.069Z","userId":"69aa64dc7281961fcb598040"}
{"level":"info","message":"User deleted","timestamp":"2026-03-15T10:31:37.355Z","userId":"69aa604cd456f4d7317c1b7c"}
{"level":"info","message":"User deleted","timestamp":"2026-03-15T10:31:41.358Z","userId":"69aa62ff480f1890ffb0941b"}
{"level":"info","message":"User role updated","newRole":"user","timestamp":"2026-03-15T10:31:45.830Z","userId":"69afece86c6299f506e77c15"}
{"level":"info","message":"User role updated","newRole":"user","timestamp":"2026-03-15T10:31:51.345Z","userId":"69afebe58c7d51a1cf8c13c5"}
{"level":"info","message":"User deleted","timestamp":"2026-03-15T10:31:58.161Z","userId":"69a83f84bd1e5b12df77b339"}
{"level":"info","message":"User deleted","timestamp":"2026-03-15T10:32:02.459Z","userId":"69b02529500d4e9decf85b97"}
{"level":"info","message":"User deleted","timestamp":"2026-03-15T10:32:09.489Z","userId":"69a6c6df199b41ae472aba95"}
{"level":"info","message":"User deleted","timestamp":"2026-03-15T10:32:13.445Z","userId":"69afe737cd43bc374077064c"}
{"level":"info","message":"User deleted","timestamp":"2026-03-15T10:32:17.618Z","userId":"69afe5d9cd43bc3740770643"}
{"level":"info","message":"User deleted","timestamp":"2026-03-15T10:32:21.564Z","userId":"69a99324fc161ac35e84f64f"}
{"level":"info","message":"User deleted","timestamp":"2026-03-15T10:32:25.460Z","userId":"69a6b24157c7896a9f881116"}
{"level":"info","message":"User deleted","timestamp":"2026-03-15T10:32:29.450Z","userId":"69a679b2046c4a5204a8db47"}
{"level":"info","message":"User deleted","timestamp":"2026-03-15T10:32:37.024Z","userId":"69afebe58c7d51a1cf8c13c5"}
{"level":"info","message":"User deleted","timestamp":"2026-03-15T10:32:40.577Z","userId":"69afece86c6299f506e77c15"}
{"level":"info","message":"User deleted","timestamp":"2026-03-15T10:32:44.400Z","userId":"69b02305500d4e9decf85b62"}
{"level":"info","message":"User deleted","timestamp":"2026-03-15T10:32:49.445Z","userId":"69b021d1500d4e9decf85b5d"}
{"level":"info","message":"MongoDB Connected","timestamp":"2026-03-24T14:33:57.855Z"}
{"email":"admin@srt.com","level":"info","message":"Synced existing admin credentials from environment","timestamp":"2026-03-24T14:33:57.997Z"}
{"level":"info","message":"Server running on port 4000","timestamp":"2026-03-24T14:33:58.034Z"}
{"level":"info","message":"MongoDB Connected","timestamp":"2026-03-27T03:51:37.827Z"}
{"email":"admin@srt.com","level":"info","message":"Synced existing admin credentials from environment","timestamp":"2026-03-27T03:51:37.992Z"}
{"level":"info","message":"Server running on port 4000","timestamp":"2026-03-27T03:51:38.040Z"}
{"error":"connect ECONNREFUSED ::1:27017, connect ECONNREFUSED 127.0.0.1:27017","level":"error","message":"DB Connection Error","timestamp":"2026-03-28T06:52:23.489Z"}
{"level":"info","message":"MongoDB Connected","timestamp":"2026-03-28T07:02:17.190Z"}
{"email":"admin@srt.com","level":"info","message":"Default admin account ensured","timestamp":"2026-03-28T07:02:17.291Z"}
{"level":"info","message":"Server running on port 4000","timestamp":"2026-03-28T07:02:17.297Z"}
{"level":"info","message":"MongoDB Connected","timestamp":"2026-03-28T07:06:04.117Z"}
{"email":"admin@srt.com","level":"info","message":"Synced existing admin credentials from environment","timestamp":"2026-03-28T07:06:04.212Z"}
{"level":"info","message":"Server running on port 4000","timestamp":"2026-03-28T07:06:04.223Z"}
{"level":"info","message":"MongoDB Connected","timestamp":"2026-03-28T07:06:49.302Z"}
{"email":"admin@srt.com","level":"info","message":"Synced existing admin credentials from environment","timestamp":"2026-03-28T07:06:49.393Z"}
{"level":"info","message":"Server running on port 4000","timestamp":"2026-03-28T07:06:49.403Z"}
{"level":"info","message":"MongoDB Connected","timestamp":"2026-03-28T07:07:28.827Z"}
{"email":"admin@srt.com","level":"info","message":"Synced existing admin credentials from environment","timestamp":"2026-03-28T07:07:28.920Z"}
{"level":"info","message":"Server running on port 4000","timestamp":"2026-03-28T07:07:28.931Z"}
{"level":"info","message":"MongoDB Connected","timestamp":"2026-03-28T07:08:12.701Z"}
{"email":"admin@srt.com","level":"info","message":"Synced existing admin credentials from environment","timestamp":"2026-03-28T07:08:12.790Z"}
{"level":"info","message":"Server running on port 4000","timestamp":"2026-03-28T07:08:12.801Z"}
{"level":"info","message":"MongoDB Connected","timestamp":"2026-04-04T15:29:57.182Z"}
{"email":"admin@srt.com","level":"info","message":"Synced existing admin credentials from environment","timestamp":"2026-04-04T15:29:57.314Z"}
{"level":"info","message":"Server running on port 4000","timestamp":"2026-04-04T15:29:57.350Z"}
{"error":"timeout of 10000ms exceeded","level":"error","message":"Scan Error","timestamp":"2026-04-04T15:38:09.732Z"}
{"error":"timeout of 10000ms exceeded","level":"error","message":"Scan Error","timestamp":"2026-04-04T16:49:54.474Z"}
{"error":"timeout of 10000ms exceeded","level":"error","message":"Scan Error","timestamp":"2026-04-04T16:50:18.653Z"}
{"error":"timeout of 10000ms exceeded","level":"error","message":"Scan Error","timestamp":"2026-04-04T17:34:57.486Z"}
{"error":"timeout of 10000ms exceeded","level":"error","message":"Scan Error","timestamp":"2026-04-04T17:37:03.147Z"}
{"error":"timeout of 10000ms exceeded","level":"error","message":"Scan Error","timestamp":"2026-04-04T17:38:54.612Z"}
{"level":"info","message":"MongoDB Connected","timestamp":"2026-04-07T12:20:24.792Z"}
{"email":"admin@srt.com","level":"info","message":"Synced existing admin credentials from environment","timestamp":"2026-04-07T12:20:24.913Z"}
{"level":"info","message":"Server running on port 4000","timestamp":"2026-04-07T12:20:24.953Z"}
{"level":"info","message":"MongoDB Connected","timestamp":"2026-04-07T14:11:00.311Z"}
{"email":"admin@srt.com","level":"info","message":"Synced existing admin credentials from environment","timestamp":"2026-04-07T14:11:00.510Z"}
{"level":"info","message":"Server running on port 4000","timestamp":"2026-04-07T14:11:00.595Z"}
{"level":"info","message":"MongoDB Connected","timestamp":"2026-04-07T14:12:45.469Z"}
{"email":"admin@srt.com","level":"info","message":"Synced existing admin credentials from environment","timestamp":"2026-04-07T14:12:45.595Z"}
{"level":"info","message":"Server running on port 4000","timestamp":"2026-04-07T14:12:45.623Z"}
{"level":"info","message":"User status updated","timestamp":"2026-04-07T14:15:50.907Z","updates":{"status":"suspended"},"userId":"69d12eb00cd003a8b09ab054"}
{"level":"info","message":"User status updated","timestamp":"2026-04-07T14:15:53.420Z","updates":{"status":"active"},"userId":"69d12eb00cd003a8b09ab054"}
{"level":"info","message":"MongoDB Connected","timestamp":"2026-04-07T14:26:44.252Z"}
{"email":"admin@srt.com","level":"info","message":"Synced existing admin credentials from environment","timestamp":"2026-04-07T14:26:44.365Z"}
{"level":"info","message":"Server running on port 4000","timestamp":"2026-04-07T14:26:44.378Z"}
{"level":"info","message":"MongoDB Connected","timestamp":"2026-04-08T04:41:01.614Z"}
{"email":"admin@srt.com","level":"info","message":"Synced existing admin credentials from environment","timestamp":"2026-04-08T04:41:01.713Z"}
{"level":"info","message":"Server running on port 4000","timestamp":"2026-04-08T04:41:01.732Z"}
{"level":"info","message":"MongoDB Connected","timestamp":"2026-04-08T04:42:27.375Z"}
{"email":"admin@srt.com","level":"info","message":"Synced existing admin credentials from environment","timestamp":"2026-04-08T04:42:27.465Z"}
{"level":"info","message":"Server running on port 4000","timestamp":"2026-04-08T04:42:27.476Z"}
{"level":"info","message":"MongoDB Connected","timestamp":"2026-04-08T05:10:26.745Z"}
{"email":"admin@srt.com","level":"info","message":"Synced existing admin credentials from environment","timestamp":"2026-04-08T05:10:26.840Z"}
{"level":"info","message":"Server running on port 4000","timestamp":"2026-04-08T05:10:26.850Z"}
{"level":"info","message":"MongoDB Connected","timestamp":"2026-04-08T05:17:20.881Z"}
{"email":"admin@srt.com","level":"info","message":"Synced existing admin credentials from environment","timestamp":"2026-04-08T05:17:20.970Z"}
{"level":"info","message":"Server running on port 4000","timestamp":"2026-04-08T05:17:20.980Z"}
{"level":"info","message":"User status updated","timestamp":"2026-04-08T05:26:45.640Z","updates":{"status":"suspended"},"userId":"69d12eb00cd003a8b09ab054"}
{"level":"info","message":"User status updated","timestamp":"2026-04-08T05:26:48.643Z","updates":{"status":"active"},"userId":"69d12eb00cd003a8b09ab054"}
{"level":"info","message":"MongoDB Connected","timestamp":"2026-04-08T05:39:51.339Z"}
{"email":"admin@srt.com","level":"info","message":"Synced existing admin credentials from environment","timestamp":"2026-04-08T05:39:51.502Z"}
{"level":"info","message":"Server running on port 4000","timestamp":"2026-04-08T05:39:51.526Z"}
{"level":"info","message":"MongoDB Connected","timestamp":"2026-04-08T05:41:50.691Z"}
{"email":"admin@srt.com","level":"info","message":"Synced existing admin credentials from environment","timestamp":"2026-04-08T05:41:50.789Z"}
{"level":"info","message":"Server running on port 4000","timestamp":"2026-04-08T05:41:50.804Z"}
{"level":"info","message":"MongoDB Connected","timestamp":"2026-04-08T08:33:52.517Z"}
{"email":"admin@srt.com","level":"info","message":"Synced existing admin credentials from environment","timestamp":"2026-04-08T08:33:52.634Z"}
{"level":"info","message":"Server running on port 4000","timestamp":"2026-04-08T08:33:52.660Z"}
{"level":"info","message":"MongoDB Connected","timestamp":"2026-04-08T17:52:10.945Z"}
{"email":"admin@srt.com","level":"info","message":"Synced existing admin credentials from environment","timestamp":"2026-04-08T17:52:11.048Z"}
{"level":"info","message":"Server running on port 4000","timestamp":"2026-04-08T17:52:11.074Z"}
